SEZ5478@SEZSANSOFT77 MINGW64 ~/Desktop/Devops/demo
$ git init
Initialized empty Git repository in C:/Users/SEZ5478/Desktop/Devops/demo/.git/

SEZ5478@SEZSANSOFT77 MINGW64 ~/Desktop/Devops/demo (master)
$ git status
On branch master

No commits yet

Untracked files:
  (use "git add <file>..." to include in what will be committed)
        hello.py

nothing added to commit but untracked files present (use "git add" to track)

SEZ5478@SEZSANSOFT77 MINGW64 ~/Desktop/Devops/demo (master)
$ git add .

SEZ5478@SEZSANSOFT77 MINGW64 ~/Desktop/Devops/demo (master)
$ git status
On branch master

No commits yet

Changes to be committed:
  (use "git rm --cached <file>..." to unstage)
        new file:   hello.py


SEZ5478@SEZSANSOFT77 MINGW64 ~/Desktop/Devops/demo (master)
$ git commit -m "add hello.py file"
[master (root-commit) ed90b6e] add hello.py file
 Committer: Mayuri Pratik Deshmukh <SEZ5478@neilsoft.in>
Your name and email address were configured automatically based
on your username and hostname. Please check that they are accurate.
You can suppress this message by setting them explicitly:

    git config --global user.name "Your Name"
    git config --global user.email you@example.com

After doing this, you may fix the identity used for this commit with:

    git commit --amend --reset-author

 1 file changed, 1 insertion(+)
 create mode 100644 hello.py

SEZ5478@SEZSANSOFT77 MINGW64 ~/Desktop/Devops/demo (master)
$ git remote add origin https://github.com/mayurideshmukh95/gitjenkinsintegration.git

SEZ5478@SEZSANSOFT77 MINGW64 ~/Desktop/Devops/demo (master)
$ git push -u origin master
fatal: helper error (-1): User cancelled dialog.

SEZ5478@SEZSANSOFT77 MINGW64 ~/Desktop/Devops/demo (master)
$ git push -u origin master
Enumerating objects: 3, done.
Counting objects: 100% (3/3), done.
Writing objects: 100% (3/3), 252 bytes | 252.00 KiB/s, done.
Total 3 (delta 0), reused 0 (delta 0), pack-reused 0
remote:
remote: Create a pull request for 'master' on GitHub by visiting:
remote:      https://github.com/mayurideshmukh95/gitjenkinsintegration/pull/new/master
remote:
To https://github.com/mayurideshmukh95/gitjenkinsintegration.git
 * [new branch]      master -> master
branch 'master' set up to track 'origin/master'.
